{
  "status": "failed",
  "summary": "MRIQC execution failed; inspect the captured command logs.",
  "warnings": [
    {
      "code": "mriqc-execution-failed",
      "severity": "error",
      "message": "MRIQC execution failed before the expected QC artifacts were harvested.",
      "hint": "Inspect the participant/group stdout and stderr logs."
    }
  ],
  "artifacts": [
    {
      "kind": "manifest",
      "path": "/tmp/clawneuro-m5-work/mriqc/run-output/manifests/mriqc-summary.json",
      "description": "Machine-readable MRIQC wrapper summary.",
      "media_type": "application/json",
      "generated_by": "mriqc_report"
    },
    {
      "kind": "report",
      "path": "/tmp/clawneuro-m5-work/mriqc/run-output/report/mriqc-report.md",
      "description": "Human-readable MRIQC wrapper summary.",
      "media_type": "text/markdown",
      "generated_by": "mriqc_report"
    },
    {
      "kind": "log",
      "path": "/tmp/clawneuro-m5-work/mriqc/run-output/logs/mriqc-participant.stdout.log",
      "description": "MRIQC participant stdout log.",
      "media_type": "text/plain",
      "generated_by": "mriqc_report"
    },
    {
      "kind": "log",
      "path": "/tmp/clawneuro-m5-work/mriqc/run-output/logs/mriqc-participant.stderr.log",
      "description": "MRIQC participant stderr log.",
      "media_type": "text/plain",
      "generated_by": "mriqc_report"
    },
    {
      "kind": "log",
      "path": "/tmp/clawneuro-m5-work/mriqc/run-output/logs/mriqc-group.stdout.log",
      "description": "MRIQC group stdout log.",
      "media_type": "text/plain",
      "generated_by": "mriqc_report"
    },
    {
      "kind": "log",
      "path": "/tmp/clawneuro-m5-work/mriqc/run-output/logs/mriqc-group.stderr.log",
      "description": "MRIQC group stderr log.",
      "media_type": "text/plain",
      "generated_by": "mriqc_report"
    },
    {
      "kind": "derivative",
      "path": "/tmp/clawneuro-m5-work/mriqc/run-output/derivatives",
      "description": "Derivative output root preserved from the wrapped upstream tool.",
      "media_type": null,
      "generated_by": "mriqc_report"
    },
    {
      "kind": "table",
      "path": "/tmp/clawneuro-m5-work/mriqc/run-output/derivatives/sub-UTS01/ses-1/func/sub-UTS01_ses-1_task-CategoryLocalizer1_run-1_timeseries.tsv",
      "description": "Preserved upstream IQM summary table.",
      "media_type": "text/tab-separated-values",
      "generated_by": "mriqc_report"
    },
    {
      "kind": "manifest",
      "path": "/tmp/clawneuro-m5-work/mriqc/run-output/manifests/run-manifest.json",
      "description": "Canonical machine-readable run manifest.",
      "media_type": "application/json",
      "generated_by": null
    },
    {
      "kind": "config",
      "path": "/tmp/clawneuro-m5-work/mriqc/run-output/manifests/requested-config.json",
      "description": "Requested configuration snapshot for the run.",
      "media_type": "application/json",
      "generated_by": null
    },
    {
      "kind": "provenance",
      "path": "/tmp/clawneuro-m5-work/mriqc/run-output/provenance/commands.sh",
      "description": "Exact commands captured for this run.",
      "media_type": "text/x-shellscript",
      "generated_by": null
    },
    {
      "kind": "provenance",
      "path": "/tmp/clawneuro-m5-work/mriqc/run-output/provenance/environment.yml",
      "description": "Minimal environment snapshot for reproducibility.",
      "media_type": "text/yaml",
      "generated_by": null
    },
    {
      "kind": "provenance",
      "path": "/tmp/clawneuro-m5-work/mriqc/run-output/provenance/checksums.sha256",
      "description": "Checksums for emitted artifacts.",
      "media_type": "text/plain",
      "generated_by": null
    },
    {
      "kind": "log",
      "path": "/tmp/clawneuro-m5-work/mriqc/run-output/provenance/analysis_log.md",
      "description": "Human-readable analysis log with warnings and notes.",
      "media_type": "text/markdown",
      "generated_by": null
    }
  ],
  "summary_manifest": {
    "dataset_description_path": null,
    "derivative_root": "/tmp/clawneuro-m5-work/mriqc/run-output/derivatives",
    "failure_notes": [],
    "group_command": {
      "argv": [
        "docker",
        "run",
        "--rm",
        "-v",
        "/tmp/clawneuro-phase2-ds003020:/clawneuro/input:ro",
        "-v",
        "/tmp/clawneuro-m5-work/mriqc/run-output/derivatives:/clawneuro/output:rw",
        "-v",
        "/tmp/clawneuro-m5-work/mriqc/run-output/work:/clawneuro/work:rw",
        "nipreps/mriqc:24.0.0",
        "/clawneuro/input",
        "/clawneuro/output",
        "group",
        "--session-id",
        "1",
        "-m",
        "T1w",
        "T2w",
        "bold",
        "--nprocs",
        "2",
        "--omp-nthreads",
        "2",
        "--mem_gb",
        "12",
        "-w",
        "/clawneuro/work",
        "--no-sub"
      ],
      "backend": "docker",
      "duration_seconds": null,
      "environment": {},
      "exit_code": null,
      "finished_at": null,
      "name": "mriqc-group",
      "shell_command": "docker run --rm -v /tmp/clawneuro-phase2-ds003020:/clawneuro/input:ro -v /tmp/clawneuro-m5-work/mriqc/run-output/derivatives:/clawneuro/output:rw -v /tmp/clawneuro-m5-work/mriqc/run-output/work:/clawneuro/work:rw nipreps/mriqc:24.0.0 /clawneuro/input /clawneuro/output group --session-id 1 -m T1w T2w bold --nprocs 2 --omp-nthreads 2 --mem_gb 12 -w /clawneuro/work --no-sub",
      "started_at": null,
      "status": "skipped",
      "stderr_path": null,
      "stdout_path": null,
      "working_directory": null
    },
    "iqm_table_paths": [
      "/tmp/clawneuro-m5-work/mriqc/run-output/derivatives/sub-UTS01/ses-1/func/sub-UTS01_ses-1_task-CategoryLocalizer1_run-1_timeseries.tsv"
    ],
    "modality_coverage": [
      "anat",
      "bold"
    ],
    "participant_command": {
      "argv": [
        "docker",
        "run",
        "--rm",
        "-v",
        "/tmp/clawneuro-phase2-ds003020:/clawneuro/input:ro",
        "-v",
        "/tmp/clawneuro-m5-work/mriqc/run-output/derivatives:/clawneuro/output:rw",
        "-v",
        "/tmp/clawneuro-m5-work/mriqc/run-output/work:/clawneuro/work:rw",
        "nipreps/mriqc:24.0.0",
        "/clawneuro/input",
        "/clawneuro/output",
        "participant",
        "--participant-label",
        "UTS01",
        "--session-id",
        "1",
        "-m",
        "T1w",
        "T2w",
        "bold",
        "--nprocs",
        "2",
        "--omp-nthreads",
        "2",
        "--mem_gb",
        "12",
        "-w",
        "/clawneuro/work",
        "--no-sub"
      ],
      "backend": "docker",
      "duration_seconds": 674.87383251,
      "environment": {},
      "exit_code": 1,
      "finished_at": "2026-03-08T18:03:27.694702Z",
      "name": "mriqc-participant",
      "shell_command": "docker run --rm -v /tmp/clawneuro-phase2-ds003020:/clawneuro/input:ro -v /tmp/clawneuro-m5-work/mriqc/run-output/derivatives:/clawneuro/output:rw -v /tmp/clawneuro-m5-work/mriqc/run-output/work:/clawneuro/work:rw nipreps/mriqc:24.0.0 /clawneuro/input /clawneuro/output participant --participant-label UTS01 --session-id 1 -m T1w T2w bold --nprocs 2 --omp-nthreads 2 --mem_gb 12 -w /clawneuro/work --no-sub",
      "started_at": "2026-03-08T17:52:12.820867Z",
      "status": "failed",
      "stderr_path": "/tmp/clawneuro-m5-work/mriqc/run-output/logs/mriqc-participant.stderr.log",
      "stdout_path": "/tmp/clawneuro-m5-work/mriqc/run-output/logs/mriqc-participant.stdout.log",
      "working_directory": null
    },
    "report_paths": [],
    "status": "failed",
    "telemetry_disabled": true
  },
  "run_manifest": {
    "artifacts": [
      {
        "description": "Machine-readable MRIQC wrapper summary.",
        "generated_by": "mriqc_report",
        "kind": "manifest",
        "media_type": "application/json",
        "path": "/tmp/clawneuro-m5-work/mriqc/run-output/manifests/mriqc-summary.json"
      },
      {
        "description": "Human-readable MRIQC wrapper summary.",
        "generated_by": "mriqc_report",
        "kind": "report",
        "media_type": "text/markdown",
        "path": "/tmp/clawneuro-m5-work/mriqc/run-output/report/mriqc-report.md"
      },
      {
        "description": "MRIQC participant stdout log.",
        "generated_by": "mriqc_report",
        "kind": "log",
        "media_type": "text/plain",
        "path": "/tmp/clawneuro-m5-work/mriqc/run-output/logs/mriqc-participant.stdout.log"
      },
      {
        "description": "MRIQC participant stderr log.",
        "generated_by": "mriqc_report",
        "kind": "log",
        "media_type": "text/plain",
        "path": "/tmp/clawneuro-m5-work/mriqc/run-output/logs/mriqc-participant.stderr.log"
      },
      {
        "description": "MRIQC group stdout log.",
        "generated_by": "mriqc_report",
        "kind": "log",
        "media_type": "text/plain",
        "path": "/tmp/clawneuro-m5-work/mriqc/run-output/logs/mriqc-group.stdout.log"
      },
      {
        "description": "MRIQC group stderr log.",
        "generated_by": "mriqc_report",
        "kind": "log",
        "media_type": "text/plain",
        "path": "/tmp/clawneuro-m5-work/mriqc/run-output/logs/mriqc-group.stderr.log"
      },
      {
        "description": "Derivative output root preserved from the wrapped upstream tool.",
        "generated_by": "mriqc_report",
        "kind": "derivative",
        "media_type": null,
        "path": "/tmp/clawneuro-m5-work/mriqc/run-output/derivatives"
      },
      {
        "description": "Preserved upstream IQM summary table.",
        "generated_by": "mriqc_report",
        "kind": "table",
        "media_type": "text/tab-separated-values",
        "path": "/tmp/clawneuro-m5-work/mriqc/run-output/derivatives/sub-UTS01/ses-1/func/sub-UTS01_ses-1_task-CategoryLocalizer1_run-1_timeseries.tsv"
      },
      {
        "description": "Canonical machine-readable run manifest.",
        "generated_by": null,
        "kind": "manifest",
        "media_type": "application/json",
        "path": "/tmp/clawneuro-m5-work/mriqc/run-output/manifests/run-manifest.json"
      },
      {
        "description": "Requested configuration snapshot for the run.",
        "generated_by": null,
        "kind": "config",
        "media_type": "application/json",
        "path": "/tmp/clawneuro-m5-work/mriqc/run-output/manifests/requested-config.json"
      },
      {
        "description": "Exact commands captured for this run.",
        "generated_by": null,
        "kind": "provenance",
        "media_type": "text/x-shellscript",
        "path": "/tmp/clawneuro-m5-work/mriqc/run-output/provenance/commands.sh"
      },
      {
        "description": "Minimal environment snapshot for reproducibility.",
        "generated_by": null,
        "kind": "provenance",
        "media_type": "text/yaml",
        "path": "/tmp/clawneuro-m5-work/mriqc/run-output/provenance/environment.yml"
      },
      {
        "description": "Checksums for emitted artifacts.",
        "generated_by": null,
        "kind": "provenance",
        "media_type": "text/plain",
        "path": "/tmp/clawneuro-m5-work/mriqc/run-output/provenance/checksums.sha256"
      },
      {
        "description": "Human-readable analysis log with warnings and notes.",
        "generated_by": null,
        "kind": "log",
        "media_type": "text/markdown",
        "path": "/tmp/clawneuro-m5-work/mriqc/run-output/provenance/analysis_log.md"
      }
    ],
    "benchmark_tracks": [
      "smoke",
      "task-fmri",
      "resting-state"
    ],
    "clawneuro_version": "0.1.0",
    "created_at": "2026-03-08T18:03:27.701239Z",
    "dataset_inventory": {
      "dataset_description_path": "/tmp/clawneuro-phase2-ds003020/dataset_description.json",
      "dataset_name": "An fMRI dataset during a passive natural language listening task",
      "dataset_readme_path": null,
      "dataset_type": "raw",
      "file_count": 3,
      "files_by_modality": {
        "anat": 1,
        "bold": 2
      },
      "has_dataset_description": true,
      "modalities": [
        "anat",
        "bold"
      ],
      "root": "/tmp/clawneuro-phase2-ds003020",
      "session_ids": [
        "ses-1"
      ],
      "subject_ids": [
        "sub-UTS01"
      ]
    },
    "handoff_targets": [
      "anat_bold_prep",
      "report_bundle"
    ],
    "input_state": {
      "contains_dicom": false,
      "dataset_description_present": true,
      "kind": "bids",
      "modalities": [
        "anat",
        "bold"
      ],
      "notes": [],
      "participant_ids": [
        "sub-UTS01"
      ],
      "readable": true,
      "root": "/tmp/clawneuro-phase2-ds003020"
    },
    "provenance": {
      "commands": [
        {
          "argv": [
            "docker",
            "run",
            "--rm",
            "-v",
            "/tmp/clawneuro-phase2-ds003020:/clawneuro/input:ro",
            "-v",
            "/tmp/clawneuro-m5-work/mriqc/run-output/derivatives:/clawneuro/output:rw",
            "-v",
            "/tmp/clawneuro-m5-work/mriqc/run-output/work:/clawneuro/work:rw",
            "nipreps/mriqc:24.0.0",
            "/clawneuro/input",
            "/clawneuro/output",
            "participant",
            "--participant-label",
            "UTS01",
            "--session-id",
            "1",
            "-m",
            "T1w",
            "T2w",
            "bold",
            "--nprocs",
            "2",
            "--omp-nthreads",
            "2",
            "--mem_gb",
            "12",
            "-w",
            "/clawneuro/work",
            "--no-sub"
          ],
          "backend": "docker",
          "duration_seconds": 674.87383251,
          "environment": {},
          "exit_code": 1,
          "finished_at": "2026-03-08T18:03:27.694702Z",
          "name": "mriqc-participant",
          "shell_command": "docker run --rm -v /tmp/clawneuro-phase2-ds003020:/clawneuro/input:ro -v /tmp/clawneuro-m5-work/mriqc/run-output/derivatives:/clawneuro/output:rw -v /tmp/clawneuro-m5-work/mriqc/run-output/work:/clawneuro/work:rw nipreps/mriqc:24.0.0 /clawneuro/input /clawneuro/output participant --participant-label UTS01 --session-id 1 -m T1w T2w bold --nprocs 2 --omp-nthreads 2 --mem_gb 12 -w /clawneuro/work --no-sub",
          "started_at": "2026-03-08T17:52:12.820867Z",
          "status": "failed",
          "stderr_path": "/tmp/clawneuro-m5-work/mriqc/run-output/logs/mriqc-participant.stderr.log",
          "stdout_path": "/tmp/clawneuro-m5-work/mriqc/run-output/logs/mriqc-participant.stdout.log",
          "working_directory": null
        },
        {
          "argv": [
            "docker",
            "run",
            "--rm",
            "-v",
            "/tmp/clawneuro-phase2-ds003020:/clawneuro/input:ro",
            "-v",
            "/tmp/clawneuro-m5-work/mriqc/run-output/derivatives:/clawneuro/output:rw",
            "-v",
            "/tmp/clawneuro-m5-work/mriqc/run-output/work:/clawneuro/work:rw",
            "nipreps/mriqc:24.0.0",
            "/clawneuro/input",
            "/clawneuro/output",
            "group",
            "--session-id",
            "1",
            "-m",
            "T1w",
            "T2w",
            "bold",
            "--nprocs",
            "2",
            "--omp-nthreads",
            "2",
            "--mem_gb",
            "12",
            "-w",
            "/clawneuro/work",
            "--no-sub"
          ],
          "backend": "docker",
          "duration_seconds": null,
          "environment": {},
          "exit_code": null,
          "finished_at": null,
          "name": "mriqc-group",
          "shell_command": "docker run --rm -v /tmp/clawneuro-phase2-ds003020:/clawneuro/input:ro -v /tmp/clawneuro-m5-work/mriqc/run-output/derivatives:/clawneuro/output:rw -v /tmp/clawneuro-m5-work/mriqc/run-output/work:/clawneuro/work:rw nipreps/mriqc:24.0.0 /clawneuro/input /clawneuro/output group --session-id 1 -m T1w T2w bold --nprocs 2 --omp-nthreads 2 --mem_gb 12 -w /clawneuro/work --no-sub",
          "started_at": null,
          "status": "skipped",
          "stderr_path": null,
          "stdout_path": null,
          "working_directory": null
        }
      ],
      "environment": {
        "hostname": "runnervm0kj6c",
        "platform": "Linux-6.14.0-1017-azure-x86_64-with-glibc2.39",
        "python_executable": "/opt/hostedtoolcache/Python/3.14.3/x64/bin/python",
        "python_version": "3.14.3",
        "safe_environment": {
          "PATH": "/opt/hostedtoolcache/Python/3.14.3/x64/bin:/opt/hostedtoolcache/Python/3.14.3/x64:/snap/bin:/home/runner/.local/bin:/opt/pipx_bin:/home/runner/.cargo/bin:/home/runner/.config/composer/vendor/bin:/usr/local/.ghcup/bin:/home/runner/.dotnet/tools:/usr/local/sbin:/usr/local/bin:/usr/sbin:/usr/bin:/sbin:/bin:/usr/games:/usr/local/games:/snap/bin"
        }
      },
      "input_checksums": {},
      "notes": [
        "MRIQC participant and optional group runs are recorded as separate commands to keep artifact provenance explicit.",
        "MRIQC requests keep participant and optional group runs explicit rather than depending on implicit upstream behavior."
      ],
      "output_checksums": {
        "derivatives/sub-UTS01/ses-1/func/sub-UTS01_ses-1_task-CategoryLocalizer1_run-1_timeseries.tsv": "95f76ce45d604441911f1f2f40c766f7b3f15829a8afab5f78b184712d584fa9",
        "logs/mriqc-participant.stderr.log": "3b52b09c0448a9adf42a09f45faaa870b961d79d3193a3419545851473087a07",
        "logs/mriqc-participant.stdout.log": "23673cb476d2a0533432ace5939a9ccc578aa1bd5f75f05a234b7839d89a778c",
        "manifests/mriqc-summary.json": "62a6a18dda17c486277eb44e9397c3c64d02fb2bb0536b6a5e713a49d5299669",
        "manifests/requested-config.json": "f0308812f8f34b83fa02ce1824c30dfabbbff67531add60d7420b293bc2b1409",
        "manifests/run-manifest.json": "c8c9def866cc329779bdffc944d4d4cb5a18ef409c606c02d4bfcb53c4b36030",
        "provenance/analysis_log.md": "b0eb0628562b1b97f699080b336f16cce5ecbb6792391bd9980e663e98fef60d",
        "provenance/commands.sh": "543248d9d17e1411fe21f7daec5e2191660215684a873533a99f4c3033810037",
        "provenance/environment.yml": "0859f0ffecc60ede91e7ad1b57f38046ddb91a9cb75914d33d029ffe9722556e",
        "report/mriqc-report.md": "c7c0502538e81a7c4ce8076fca1dd74bcb1f573886120b7605bb3af26796d90c"
      },
      "software": [
        {
          "container_digest": null,
          "container_image": null,
          "name": "clawneuro",
          "role": "orchestration",
          "source": null,
          "version": "0.1.0"
        },
        {
          "container_digest": null,
          "container_image": "nipreps/mriqc:24.0.0",
          "name": "mriqc",
          "role": "qc",
          "source": null,
          "version": null
        }
      ]
    },
    "requested_config": {
      "backend": "docker",
      "bids_root": "/tmp/clawneuro-phase2-ds003020",
      "container_image": "nipreps/mriqc:24.0.0",
      "execute": true,
      "mem_gb": 12.0,
      "modalities": [
        "anat",
        "bold"
      ],
      "mriqc_executable": "mriqc",
      "no_sub": true,
      "nprocs": 2,
      "omp_nthreads": 2,
      "output_root": "/tmp/clawneuro-m5-work/mriqc/run-output",
      "participant_labels": [
        "UTS01"
      ],
      "run_group": true,
      "session_ids": [
        "1"
      ],
      "task_ids": [],
      "work_dir": null
    },
    "result_summary": "MRIQC execution failed; inspect the captured command logs.",
    "schema_version": "0.1.0",
    "skill": {
      "contract_path": "skills/mriqc_report/SKILL.md",
      "kind": "qc",
      "name": "mriqc_report",
      "version": "0.1.0"
    },
    "status": "failed",
    "warnings": [
      {
        "code": "mriqc-execution-failed",
        "hint": "Inspect the participant/group stdout and stderr logs.",
        "message": "MRIQC execution failed before the expected QC artifacts were harvested.",
        "severity": "error"
      }
    ]
  }
}
Traceback (most recent call last):
  File "/home/runner/work/NeuroImagingClaw/NeuroImagingClaw/benchmarks/run_phase2_public_mriqc.py", line 153, in <module>
    raise SystemExit(main())
                     ~~~~^^
  File "/home/runner/work/NeuroImagingClaw/NeuroImagingClaw/benchmarks/run_phase2_public_mriqc.py", line 95, in main
    raise RuntimeError("Phase 2 MRIQC benchmark did not complete successfully.")
RuntimeError: Phase 2 MRIQC benchmark did not complete successfully.
